[colegioguadalupevictoria.edu.mx/quienes-somos/index.html]
[backblue.gif]
[fade.gif]
[index.html]
[colegioguadalupevictoria.edu.mx/wp-content/uploads/siteground-optimizer-assets/siteground-optimizer-combined-css-df241c40f309e120e9d04c32b055e52c.css]
[colegioguadalupevictoria.edu.mx/wp-includes/js/jquery/jquery.minf43b.js]
[colegioguadalupevictoria.edu.mx/wp-includes/js/jquery/jquery-migrate.min5589.js]
[colegioguadalupevictoria.edu.mx/wp-content/uploads/siteground-optimizer-assets/twb-circle.min8d1e.js]
[colegioguadalupevictoria.edu.mx/wp-content/uploads/siteground-optimizer-assets/twb-global.min8a54.js]
[colegioguadalupevictoria.edu.mx/wp-content/uploads/siteground-optimizer-assets/wp-post-modal.min8a54.js]
[colegioguadalupevictoria.edu.mx/wp-content/plugins/elementor/assets/lib/font-awesome/js/v4-shims.min08e6.js]
[colegioguadalupevictoria.edu.mx/wp-content/uploads/2020/04/cropped-favicon-32x32-1-32x32.png]
[colegioguadalupevictoria.edu.mx/wp-content/uploads/2020/04/cropped-favicon-32x32-1-192x192.png]
[colegioguadalupevictoria.edu.mx/wp-content/uploads/2020/04/cropped-favicon-32x32-1-180x180.png]
[colegioguadalupevictoria.edu.mx/wp-content/uploads/2022/09/cropped-nvologo.png]
[colegioguadalupevictoria.edu.mx/wp-content/uploads/2021/01/escudo_explicado.png]
[colegioguadalupevictoria.edu.mx/wp-content/uploads/2021/01/galeria_01.jpg]
[colegioguadalupevictoria.edu.mx/wp-content/uploads/2021/01/galeria_09.jpg]
[colegioguadalupevictoria.edu.mx/wp-content/uploads/2021/01/galeria_02.jpg]
[colegioguadalupevictoria.edu.mx/wp-content/uploads/2021/01/galeria_10.jpg]
[colegioguadalupevictoria.edu.mx/wp-content/uploads/2021/01/galeria_03.jpg]
[colegioguadalupevictoria.edu.mx/wp-content/uploads/2021/01/galeria_12.jpg]
[colegioguadalupevictoria.edu.mx/wp-content/uploads/2021/01/escudo_blanco_footer-1.png]
[colegioguadalupevictoria.edu.mx/wp-content/plugins/sg-cachepress/assets/js/lazysizes.min56ef.js]
[colegioguadalupevictoria.edu.mx/wp-content/themes/bulk/js/bootstrap.min7433.js]
[colegioguadalupevictoria.edu.mx/wp-content/uploads/siteground-optimizer-assets/bulk-theme-js.min1c96.js]
[colegioguadalupevictoria.edu.mx/wp-content/plugins/essential-addons-for-elementor-lite/assets/front-end/js/view/general.mind962.js]
[colegioguadalupevictoria.edu.mx/wp-content/plugins/elementor/assets/js/webpack.runtime.min08e6.js]
[colegioguadalupevictoria.edu.mx/wp-content/plugins/elementor/assets/js/frontend-modules.min08e6.js]
[colegioguadalupevictoria.edu.mx/wp-content/plugins/elementor/assets/lib/waypoints/waypoints.min05da.js]
[colegioguadalupevictoria.edu.mx/wp-includes/js/jquery/ui/core.min3f14.js]
[colegioguadalupevictoria.edu.mx/wp-content/plugins/elementor/assets/js/frontend.min08e6.js]
[colegioguadalupevictoria.edu.mx/wp-content/plugins/anwp-post-grid-for-elementor/public/js/plugin.min1576.js]
[colegioguadalupevictoria.edu.mx/wp-includes/js/underscore.mind584.js]
[colegioguadalupevictoria.edu.mx/wp-includes/js/wp-util.mine63c.js]
[colegioguadalupevictoria.edu.mx/quienes-somos/index.html]
[colegioguadalupevictoria.edu.mx/wp-content/plugins/wpforms-lite/assets/js/integrations/elementor/frontend.min1529.js]
[colegioguadalupevictoria.edu.mx/wp-content/uploads/2021/01/slide_banner_03.jpg]
[colegioguadalupevictoria.edu.mx/wp-content/uploads/siteground-optimizer-assets/siteground-optimizer-combined-css-df241c40f309e120e9d04c32b055e52c.css]
